[boss-bull-club.vercel.app/index.html]
[backblue.gif]
[fade.gif]
[index.html]
[boss-bull-club.vercel.app/assets/style.css]
[boss-bull-club.vercel.app/favicon.ico]
[boss-bull-club.vercel.app/img/logo.png]
[boss-bull-club.vercel.app/BossBullsClub.html]
[boss-bull-club.vercel.app/invite/zQQhHjj7Ng.html]
[boss-bull-club.vercel.app/img/photo-1.png]
[boss-bull-club.vercel.app/img/photo-2.png]
[boss-bull-club.vercel.app/img/photo-3.png]
[boss-bull-club.vercel.app/img/photo-4.png]
[boss-bull-club.vercel.app/index.html]
[boss-bull-club.vercel.app/@solana/web3.js@1.29.2/lib/index.iife.min.js]
[boss-bull-club.vercel.app/assets/SeoulNamsan-CEB.ttf.woff]
[boss-bull-club.vercel.app/assets/SeoulNamsan-CEB.ttf.eot]
[boss-bull-club.vercel.app/assets/SeoulNamsan-CEB.ttfd41dd41d.eot]
[boss-bull-club.vercel.app/img/background.jpg]
[boss-bull-club.vercel.app/assets/style.css]
[boss-bull-club.vercel.app/abs.twimg.com/responsive-web/client-web-legacy/polyfills.3f6f7645.js]
[boss-bull-club.vercel.app/abs.twimg.com/responsive-web/client-web-legacy/vendors_main.45d1eee5.js]
[boss-bull-club.vercel.app/abs.twimg.com/responsive-web/client-web-legacy/i18n/en.b9ae1165.js]
[boss-bull-club.vercel.app/abs.twimg.com/responsive-web/client-web-legacy/main.eb426635.js]
[boss-bull-club.vercel.app/manifest.json]
[boss-bull-club.vercel.app/opensearch.xml]
[boss-bull-club.vercel.app/abs.twimg.com/responsive-web/client-web-legacy/icon-ios.b1fc7275.png]
[boss-bull-club.vercel.app/abs.twimg.com/errors/logo46x38.png]
[boss-bull-club.vercel.app/BossBullsClub.html]
[boss-bull-club.vercel.app/cdn.discordapp.com/splashes/905298246941950072/23be5e55e516f0223cb2e4ba186160b151685168.jpg]
[boss-bull-club.vercel.app/assets/ec2c34cadd4b5f4594415127380a85e6.ico]
[boss-bull-club.vercel.app/assets/d531643866dbe609d442.js]
[boss-bull-club.vercel.app/assets/f98becd087476713d776.js]
[boss-bull-club.vercel.app/assets/2c5014e714722224b706.js]
[boss-bull-club.vercel.app/assets/4ddee84308c446f983ee.js]
[boss-bull-club.vercel.app/invite/zQQhHjj7Ng.html]
[boss-bull-club.vercel.app/css2.css]
[boss-bull-club.vercel.app/css2-1.css]
[boss-bull-club.vercel.app/css2-2.css]
[boss-bull-club.vercel.app/css2-3.css]
[boss-bull-club.vercel.app/assets/SeoulNamsan-CEB.ttf.svg]
[boss-bull-club.vercel.app/abs.twimg.com/responsive-web/client-web-legacy/polyfills.3f6f7645.html]
[boss-bull-club.vercel.app/abs.twimg.com/responsive-web/client-web-legacy/vendors_main.45d1eee5.html]
[boss-bull-club.vercel.app/abs.twimg.com/responsive-web/client-web-legacy/i18n/en.b9ae1165.html]
[boss-bull-club.vercel.app/abs.twimg.com/responsive-web/client-web-legacy/main.eb426635.html]
[boss-bull-club.vercel.app/abs.twimg.com/responsive-web/client-web-legacy/icon-ios.b1fc7275.html]
[boss-bull-club.vercel.app/abs.twimg.com/errors/logo46x38.html]
[boss-bull-club.vercel.app/cdn.discordapp.com/splashes/905298246941950072/23be5e55e516f0223cb2e4ba186160b151685168.html]
[boss-bull-club.vercel.app/assets/532.5b1bfb9075c4de3cc588.css]
